{"id":"ATkW9jqs32ZZNUTeqEP3cm","url":"https://brianw.bp:8088/invoice?id=ATkW9jqs32ZZNUTeqEP3cm","status":"paid","btcPrice":"0.000462","price":0.000462,"currency":"BTC","invoiceTime":1437499716705,"expirationTime":1437500616705,"currentTime":1437499733288,"btcPaid":"0.000462","btcDue":"0.000000","rate":1,"exceptionStatus":false,"buyerFields":{},"time":"2015-07-21 17:55:30 -0400"}
{"id":"9Y2bHXkoPjuc2CLWyi8iYM","url":"https://brianw.bp:8088/invoice?id=9Y2bHXkoPjuc2CLWyi8iYM","status":"paid","btcPrice":"0.000558","price":0.000558,"currency":"BTC","invoiceTime":1437509040931,"expirationTime":1437509940931,"currentTime":1437509066529,"btcPaid":"0.000558","btcDue":"0.000000","rate":1,"exceptionStatus":false,"buyerFields":{},"time":"2015-07-21 17:55:30 -0400"}
{"id":"TPsdPt3hhYBNoaTHzCjtnD","url":"https://brianw.bp:8088/invoice?id=TPsdPt3hhYBNoaTHzCjtnD","status":"paid","btcPrice":"0.000038","price":3.8e-05,"currency":"BTC","invoiceTime":1437509148855,"expirationTime":1437510048855,"currentTime":1437509161242,"btcPaid":"0.000038","btcDue":"0.000000","rate":1,"exceptionStatus":false,"buyerFields":{},"time":"2015-07-21 17:55:30 -0400"}
